exp604 Endogenous Abstraction Ecology  steps=30 seeds=[1, 2, 3] capacity=64
==============================================================================
BLOCK 1  endogenous task ecology across adaptive and control languages
==============================================================================
   adaptive_language: late_birth=15.0 late_reuse=25.0 prune=19.0 A_late=31.3 Dmax=52.0 mean_desc=142.3
      fixed_language: late_birth=0.0 late_reuse=0.0 prune=0.0 A_late=0.0 Dmax=0.0 mean_desc=57.7
        no_retention: late_birth=15.0 late_reuse=15.0 prune=0.0 A_late=6.0 Dmax=0.0 mean_desc=24.0
            keep_all: late_birth=0.0 late_reuse=45.0 prune=0.0 A_late=54.0 Dmax=62.0 mean_desc=176.1
==============================================================================
BLOCK 2  adaptive instruction life histories (seed 1)
==============================================================================
  O1: birth=[0] use=30 reuse=29 retain_steps=30 prune=[]
  O2: birth=[1, 3, 4, 6, 7, 9, 10, 12, 13, 15, 16, 18, 19, 21, 22, 24, 25, 27, 28] use=10 reuse=9 retain_steps=10 prune=[2, 5, 8, 11, 14, 17, 20, 23, 26, 29]
  O3: birth=[2, 5, 8, 11, 14, 17, 20, 23, 26, 29] use=10 reuse=9 retain_steps=10 prune=[3, 6, 9, 12, 15, 18, 21, 24, 27]
==============================================================================
BLOCK 3  pre-registered verdict
==============================================================================
  late_instruction_birth                                          : True
  late_reuse_of_old_instructions                                  : True
  retention_and_pruning_both_occur                                : True
  accumulated_advantage_persists_late                             : True
  adaptive_beats_fixed_and_no_retention                           : True
  adaptive_forgetting_beats_keep_all_bloat                        : True
  language_not_saturated_at_capacity                              : True
  SELF_SUSTAINING_CUMULATIVE_ABSTRACTION                          : True
plot written: True
total time: 1.2s
