exp608 Operator-Class Birth  seeds=[1, 2, 3]
             fixed_environment_operators T= 100: late=0 classes=0 reuse=0 frontier=0
             fixed_environment_operators T= 300: late=0 classes=0 reuse=0 frontier=0
             fixed_environment_operators T=1000: late=0 classes=0 reuse=0 frontier=0
        generative_environment_operators T= 100: late=47 classes=97 reuse=197 frontier=100
        generative_environment_operators T= 300: late=147 classes=297 reuse=597 frontier=300
        generative_environment_operators T=1000: late=497 classes=997 reuse=1997 frontier=1000
    generative_fixed_individual_language T= 100: late=0 classes=0 reuse=0 frontier=7
    generative_fixed_individual_language T= 300: late=0 classes=0 reuse=0 frontier=7
    generative_fixed_individual_language T=1000: late=0 classes=0 reuse=0 frontier=7
  generative_adaptive_individual_language T= 100: late=47 classes=97 reuse=197 frontier=100
  generative_adaptive_individual_language T= 300: late=147 classes=297 reuse=597 frontier=300
  generative_adaptive_individual_language T=1000: late=497 classes=997 reuse=1997 frontier=1000
  generative_adaptive_has_late_functional_birth                 : True
  functional_class_rate_stays_positive                          : True
  fixed_environment_plateaus                                    : True
  fixed_language_plateaus                                       : True
  adaptive_expands_frontier                                     : True
  language_not_capacity_saturated                               : True
  OPERATOR_CLASS_BIRTH_CANDIDATE                                : True
total time: 2.2s
